[2026-05-21 18:23:23Z INFO HostContext] No proxy settings were found based on environmental variables (http_proxy/https_proxy/HTTP_PROXY/HTTPS_PROXY)
[2026-05-21 18:23:23Z INFO HostContext] Well known directory 'Bin': 'C:\Users\User1\OneDrive\Desktop\devops-exam-sandbox\actions-runner\bin'
[2026-05-21 18:23:23Z INFO HostContext] Well known directory 'Root': 'C:\Users\User1\OneDrive\Desktop\devops-exam-sandbox\actions-runner'
[2026-05-21 18:23:23Z INFO HostContext] Well known config file 'Credentials': 'C:\Users\User1\OneDrive\Desktop\devops-exam-sandbox\actions-runner\.credentials'
[2026-05-21 18:23:23Z INFO HostContext] Well known directory 'Bin': 'C:\Users\User1\OneDrive\Desktop\devops-exam-sandbox\actions-runner\bin'
[2026-05-21 18:23:23Z INFO HostContext] Well known directory 'Root': 'C:\Users\User1\OneDrive\Desktop\devops-exam-sandbox\actions-runner'
[2026-05-21 18:23:23Z INFO HostContext] Well known config file 'Runner': 'C:\Users\User1\OneDrive\Desktop\devops-exam-sandbox\actions-runner\.runner'
[2026-05-21 18:23:23Z INFO Listener] Runner is built for Windows (X64) - win-x64.
[2026-05-21 18:23:23Z INFO Listener] RuntimeInformation: Microsoft Windows 10.0.26200.
[2026-05-21 18:23:23Z INFO Listener] Version: 2.334.0
[2026-05-21 18:23:23Z INFO Listener] Commit: f1995ede5d885c997d13d8eca5467c4ce97fe69c
[2026-05-21 18:23:23Z INFO Listener] Culture: en-GB
[2026-05-21 18:23:23Z INFO Listener] UI Culture: en-GB
[2026-05-21 18:23:23Z INFO HostContext] Well known directory 'Bin': 'C:\Users\User1\OneDrive\Desktop\devops-exam-sandbox\actions-runner\bin'
[2026-05-21 18:23:23Z INFO HostContext] Well known directory 'Root': 'C:\Users\User1\OneDrive\Desktop\devops-exam-sandbox\actions-runner'
[2026-05-21 18:23:23Z INFO Listener] Validating directory permissions for: 'C:\Users\User1\OneDrive\Desktop\devops-exam-sandbox\actions-runner'
[2026-05-21 18:23:23Z INFO CommandLineParser] Parse
[2026-05-21 18:23:23Z INFO CommandLineParser] Parsing 5 args
[2026-05-21 18:23:23Z INFO CommandLineParser] parsing argument
[2026-05-21 18:23:23Z INFO CommandLineParser] HasArgs: False
[2026-05-21 18:23:23Z INFO CommandLineParser] Adding Command: configure
[2026-05-21 18:23:23Z INFO CommandLineParser] parsing argument
[2026-05-21 18:23:23Z INFO CommandLineParser] HasArgs: True
[2026-05-21 18:23:23Z INFO CommandLineParser] arg: url
[2026-05-21 18:23:23Z INFO CommandLineParser] parsing argument
[2026-05-21 18:23:23Z INFO CommandLineParser] HasArgs: True
[2026-05-21 18:23:23Z INFO CommandLineParser] Adding option 'url': 'https://github.com/sawannah0110-netizen/devops-exam-sandbox'
[2026-05-21 18:23:23Z INFO CommandLineParser] parsing argument
[2026-05-21 18:23:23Z INFO CommandLineParser] HasArgs: True
[2026-05-21 18:23:23Z INFO CommandLineParser] arg: token
[2026-05-21 18:23:23Z INFO CommandLineParser] parsing argument
[2026-05-21 18:23:23Z INFO CommandLineParser] HasArgs: True
[2026-05-21 18:23:23Z INFO CommandLineParser] Adding option 'token': '***'
[2026-05-21 18:23:23Z INFO Listener] Arguments parsed
[2026-05-21 18:23:23Z INFO Runner] ExecuteCommand
[2026-05-21 18:23:23Z INFO ConfigurationStore] currentAssemblyLocation: C:\Users\User1\OneDrive\Desktop\devops-exam-sandbox\actions-runner\bin\Runner.Listener.dll
[2026-05-21 18:23:23Z INFO HostContext] Well known directory 'Bin': 'C:\Users\User1\OneDrive\Desktop\devops-exam-sandbox\actions-runner\bin'
[2026-05-21 18:23:23Z INFO ConfigurationStore] binPath: C:\Users\User1\OneDrive\Desktop\devops-exam-sandbox\actions-runner\bin
[2026-05-21 18:23:23Z INFO HostContext] Well known directory 'Bin': 'C:\Users\User1\OneDrive\Desktop\devops-exam-sandbox\actions-runner\bin'
[2026-05-21 18:23:23Z INFO HostContext] Well known directory 'Root': 'C:\Users\User1\OneDrive\Desktop\devops-exam-sandbox\actions-runner'
[2026-05-21 18:23:23Z INFO ConfigurationStore] RootFolder: C:\Users\User1\OneDrive\Desktop\devops-exam-sandbox\actions-runner
[2026-05-21 18:23:23Z INFO HostContext] Well known directory 'Bin': 'C:\Users\User1\OneDrive\Desktop\devops-exam-sandbox\actions-runner\bin'
[2026-05-21 18:23:23Z INFO HostContext] Well known directory 'Root': 'C:\Users\User1\OneDrive\Desktop\devops-exam-sandbox\actions-runner'
[2026-05-21 18:23:23Z INFO HostContext] Well known config file 'Runner': 'C:\Users\User1\OneDrive\Desktop\devops-exam-sandbox\actions-runner\.runner'
[2026-05-21 18:23:23Z INFO ConfigurationStore] ConfigFilePath: C:\Users\User1\OneDrive\Desktop\devops-exam-sandbox\actions-runner\.runner
[2026-05-21 18:23:23Z INFO HostContext] Well known directory 'Bin': 'C:\Users\User1\OneDrive\Desktop\devops-exam-sandbox\actions-runner\bin'
[2026-05-21 18:23:23Z INFO HostContext] Well known directory 'Root': 'C:\Users\User1\OneDrive\Desktop\devops-exam-sandbox\actions-runner'
[2026-05-21 18:23:23Z INFO HostContext] Well known config file 'MigratedRunner': 'C:\Users\User1\OneDrive\Desktop\devops-exam-sandbox\actions-runner\.runner_migrated'
[2026-05-21 18:23:23Z INFO ConfigurationStore] MigratedConfigFilePath: C:\Users\User1\OneDrive\Desktop\devops-exam-sandbox\actions-runner\.runner_migrated
[2026-05-21 18:23:23Z INFO HostContext] Well known directory 'Bin': 'C:\Users\User1\OneDrive\Desktop\devops-exam-sandbox\actions-runner\bin'
[2026-05-21 18:23:23Z INFO HostContext] Well known directory 'Root': 'C:\Users\User1\OneDrive\Desktop\devops-exam-sandbox\actions-runner'
[2026-05-21 18:23:23Z INFO HostContext] Well known config file 'Credentials': 'C:\Users\User1\OneDrive\Desktop\devops-exam-sandbox\actions-runner\.credentials'
[2026-05-21 18:23:23Z INFO ConfigurationStore] CredFilePath: C:\Users\User1\OneDrive\Desktop\devops-exam-sandbox\actions-runner\.credentials
[2026-05-21 18:23:23Z INFO HostContext] Well known directory 'Bin': 'C:\Users\User1\OneDrive\Desktop\devops-exam-sandbox\actions-runner\bin'
[2026-05-21 18:23:23Z INFO HostContext] Well known directory 'Root': 'C:\Users\User1\OneDrive\Desktop\devops-exam-sandbox\actions-runner'
[2026-05-21 18:23:23Z INFO HostContext] Well known config file 'MigratedCredentials': 'C:\Users\User1\OneDrive\Desktop\devops-exam-sandbox\actions-runner\.credentials_migrated'
[2026-05-21 18:23:23Z INFO ConfigurationStore] MigratedCredFilePath: C:\Users\User1\OneDrive\Desktop\devops-exam-sandbox\actions-runner\.credentials_migrated
[2026-05-21 18:23:23Z INFO HostContext] Well known directory 'Bin': 'C:\Users\User1\OneDrive\Desktop\devops-exam-sandbox\actions-runner\bin'
[2026-05-21 18:23:23Z INFO HostContext] Well known directory 'Root': 'C:\Users\User1\OneDrive\Desktop\devops-exam-sandbox\actions-runner'
[2026-05-21 18:23:23Z INFO HostContext] Well known config file 'Service': 'C:\Users\User1\OneDrive\Desktop\devops-exam-sandbox\actions-runner\.service'
[2026-05-21 18:23:23Z INFO ConfigurationStore] ServiceConfigFilePath: C:\Users\User1\OneDrive\Desktop\devops-exam-sandbox\actions-runner\.service
[2026-05-21 18:23:23Z INFO CommandSettings] Flag 'help': 'False'
[2026-05-21 18:23:23Z INFO CommandSettings] Flag 'version': 'False'
[2026-05-21 18:23:23Z INFO CommandSettings] Flag 'commit': 'False'
[2026-05-21 18:23:23Z INFO CommandSettings] Flag 'check': 'False'
[2026-05-21 18:23:23Z INFO CommandSettings] Command 'configure': 'True'
[2026-05-21 18:23:23Z INFO Terminal] WRITE LINE: 
[2026-05-21 18:23:23Z INFO Terminal] WRITE LINE: --------------------------------------------------------------------------------
[2026-05-21 18:23:23Z INFO Terminal] WRITE LINE: |        ____ _ _   _   _       _          _        _   _                      |
[2026-05-21 18:23:23Z INFO Terminal] WRITE LINE: |       / ___(_) |_| | | |_   _| |__      / \   ___| |_(_) ___  _ __  ___      |
[2026-05-21 18:23:23Z INFO Terminal] WRITE LINE: |      | |  _| | __| |_| | | | | '_ \    / _ \ / __| __| |/ _ \| '_ \/ __|     |
[2026-05-21 18:23:23Z INFO Terminal] WRITE LINE: |      | |_| | | |_|  _  | |_| | |_) |  / ___ \ (__| |_| | (_) | | | \__ \     |
[2026-05-21 18:23:23Z INFO Terminal] WRITE LINE: |       \____|_|\__|_| |_|\__,_|_.__/  /_/   \_\___|\__|_|\___/|_| |_|___/     |
[2026-05-21 18:23:23Z INFO Terminal] WRITE LINE: |                                                                              |
[2026-05-21 18:23:23Z INFO Terminal] WRITE: |                       
[2026-05-21 18:23:23Z INFO Terminal] WRITE: Self-hosted runner registration
[2026-05-21 18:23:23Z INFO Terminal] WRITE LINE:                         |
[2026-05-21 18:23:23Z INFO Terminal] WRITE LINE: |                                                                              |
[2026-05-21 18:23:23Z INFO Terminal] WRITE LINE: --------------------------------------------------------------------------------
[2026-05-21 18:23:23Z INFO ConfigurationManager] ConfigureAsync
[2026-05-21 18:23:23Z INFO CommandSettings] Flag 'generateServiceConfig': 'False'
[2026-05-21 18:23:23Z INFO ConfigurationStore] IsConfigured()
[2026-05-21 18:23:23Z INFO ConfigurationStore] IsConfigured: False
[2026-05-21 18:23:23Z INFO ConfigurationManager] Is configured: False
[2026-05-21 18:23:23Z INFO CommandSettings] Arg 'url': 'https://github.com/sawannah0110-netizen/devops-exam-sandbox'
[2026-05-21 18:23:23Z INFO CommandSettings] Remove url from Arg dictionary.
[2026-05-21 18:23:23Z INFO CommandSettings] Arg 'token': '***'
[2026-05-21 18:23:23Z INFO CommandSettings] Remove token from Arg dictionary.
[2026-05-21 18:23:24Z INFO ConfigurationManager] Http response code: OK from 'POST https://api.github.com/actions/runner-registration' (9B37:26ED38:18EA30:1C7228:6A0F4D9B)
[2026-05-21 18:23:24Z INFO ConfigurationManager] Using runner-admin flow: False
[2026-05-21 18:23:24Z INFO ConfigurationManager] cred retrieved via GitHub auth
[2026-05-21 18:23:24Z INFO RunnerServer] EstablishVssConnection
[2026-05-21 18:23:24Z INFO RunnerServer] Establish connection with 100 seconds timeout.
[2026-05-21 18:23:24Z INFO GitHubActionsService] Starting operation Location.GetConnectionData
[2026-05-21 18:23:24Z INFO RunnerServer] EstablishVssConnection
[2026-05-21 18:23:24Z INFO RunnerServer] Establish connection with 60 seconds timeout.
[2026-05-21 18:23:24Z INFO GitHubActionsService] Starting operation Location.GetConnectionData
[2026-05-21 18:23:24Z INFO RunnerServer] EstablishVssConnection
[2026-05-21 18:23:24Z INFO RunnerServer] Establish connection with 60 seconds timeout.
[2026-05-21 18:23:24Z INFO GitHubActionsService] Starting operation Location.GetConnectionData
[2026-05-21 18:23:26Z INFO GitHubActionsService] Finished operation Location.GetConnectionData
[2026-05-21 18:23:26Z INFO GitHubActionsService] Finished operation Location.GetConnectionData
[2026-05-21 18:23:26Z INFO GitHubActionsService] Finished operation Location.GetConnectionData
[2026-05-21 18:23:27Z INFO Terminal] WRITE LINE: 
[2026-05-21 18:23:27Z INFO ConfigurationManager] Test Connection complete.
[2026-05-21 18:23:27Z INFO HostContext] Well known directory 'Bin': 'C:\Users\User1\OneDrive\Desktop\devops-exam-sandbox\actions-runner\bin'
[2026-05-21 18:23:27Z INFO HostContext] Well known directory 'Root': 'C:\Users\User1\OneDrive\Desktop\devops-exam-sandbox\actions-runner'
[2026-05-21 18:23:27Z INFO HostContext] Well known config file 'RSACredentials': 'C:\Users\User1\OneDrive\Desktop\devops-exam-sandbox\actions-runner\.credentials_rsaparams'
[2026-05-21 18:23:27Z INFO RSAEncryptedFileKeyManager] Creating new RSA key using 2048-bit key length
[2026-05-21 18:23:27Z INFO RSAEncryptedFileKeyManager] Successfully saved RSA key parameters to file C:\Users\User1\OneDrive\Desktop\devops-exam-sandbox\actions-runner\.credentials_rsaparams
[2026-05-21 18:23:27Z INFO CommandSettings] Arg 'runnergroup': ''
[2026-05-21 18:23:27Z INFO CommandSettings] Flag 'unattended': 'False'
[2026-05-21 18:23:27Z INFO PromptManager] ReadValue
[2026-05-21 18:23:27Z INFO Terminal] WRITE: Enter the name of the runner group to add this runner to: 
[2026-05-21 18:23:27Z INFO Terminal] WRITE: [press Enter for Default] 
[2026-05-21 18:23:27Z INFO Terminal] READ LINE
[2026-05-21 18:24:48Z INFO Terminal] Read value: ''
[2026-05-21 18:24:48Z INFO PromptManager] Falling back to the default: 'Default'
[2026-05-21 18:24:48Z INFO Terminal] WRITE LINE: 
[2026-05-21 18:24:48Z INFO ConfigurationManager] Found a self-hosted runner group with id 1 and name Default
[2026-05-21 18:24:48Z INFO CommandSettings] Flag 'disableupdate': 'False'
[2026-05-21 18:24:48Z INFO CommandSettings] Flag 'ephemeral': 'False'
[2026-05-21 18:24:48Z INFO CommandSettings] Arg 'name': ''
[2026-05-21 18:24:48Z INFO CommandSettings] Flag 'unattended': 'False'
[2026-05-21 18:24:48Z INFO PromptManager] ReadValue
[2026-05-21 18:24:48Z INFO Terminal] WRITE: Enter the name of runner: 
[2026-05-21 18:24:48Z INFO Terminal] WRITE: [press Enter for LAKSHI] 
[2026-05-21 18:24:48Z INFO Terminal] READ LINE
[2026-05-21 18:25:00Z INFO Terminal] Read value: ''
[2026-05-21 18:25:00Z INFO PromptManager] Falling back to the default: 'LAKSHI'
[2026-05-21 18:25:00Z INFO Terminal] WRITE LINE: 
[2026-05-21 18:25:00Z INFO CommandSettings] Arg 'labels': ''
[2026-05-21 18:25:00Z INFO CommandSettings] Flag 'unattended': 'False'
[2026-05-21 18:25:00Z INFO PromptManager] ReadValue
[2026-05-21 18:25:00Z INFO Terminal] WRITE: This runner will have the following labels: 'self-hosted', 'Windows', 'X64' 
Enter any additional labels (ex. label-1,label-2): 
[2026-05-21 18:25:00Z INFO Terminal] WRITE: [press Enter to skip] 
[2026-05-21 18:25:00Z INFO Terminal] READ LINE
[2026-05-21 18:25:04Z INFO Terminal] Read value: ''
[2026-05-21 18:25:04Z INFO Terminal] WRITE LINE: 
[2026-05-21 18:25:06Z INFO CommandSettings] Flag 'disableupdate': 'False'
[2026-05-21 18:25:06Z INFO CommandSettings] Flag 'no-default-labels': 'False'
[2026-05-21 18:25:06Z INFO CommandSettings] Flag 'disableupdate': 'False'
[2026-05-21 18:25:06Z INFO CommandSettings] Flag 'ephemeral': 'False'
[2026-05-21 18:25:06Z INFO ConfigurationStore] Saving OAuth credential @ C:\Users\User1\OneDrive\Desktop\devops-exam-sandbox\actions-runner\.credentials
[2026-05-21 18:25:06Z INFO ConfigurationStore] Credentials Saved.
[2026-05-21 18:25:06Z INFO ConfigurationManager] Service enforced serverUrlV2: https://broker.actions.githubusercontent.com/
[2026-05-21 18:25:06Z INFO ConfigurationManager] Service enforced useV2Flow: True
[2026-05-21 18:25:06Z INFO CommandSettings] Arg 'work': ''
[2026-05-21 18:25:06Z INFO CommandSettings] Flag 'unattended': 'False'
[2026-05-21 18:25:06Z INFO PromptManager] ReadValue
[2026-05-21 18:25:06Z INFO Terminal] WRITE: Enter name of work folder: 
[2026-05-21 18:25:06Z INFO Terminal] WRITE: [press Enter for _work] 
[2026-05-21 18:25:06Z INFO Terminal] READ LINE
[2026-05-21 18:25:52Z INFO Terminal] Read value: ''
[2026-05-21 18:25:52Z INFO PromptManager] Falling back to the default: '_work'
[2026-05-21 18:25:52Z INFO ConfigurationStore] Saving runner settings.
[2026-05-21 18:25:52Z INFO ConfigurationStore] Settings Saved.
[2026-05-21 18:25:52Z INFO Terminal] WRITE LINE: 
[2026-05-21 18:25:52Z INFO Terminal] WRITE LINE: 
[2026-05-21 18:25:52Z INFO CommandSettings] Flag 'runasservice': 'False'
[2026-05-21 18:25:52Z INFO CommandSettings] Flag 'unattended': 'False'
[2026-05-21 18:25:52Z INFO PromptManager] ReadValue
[2026-05-21 18:25:52Z INFO Terminal] WRITE: Would you like to run the runner as service? (Y/N) 
[2026-05-21 18:25:52Z INFO Terminal] WRITE: [press Enter for N] 
[2026-05-21 18:25:52Z INFO Terminal] READ LINE
[2026-05-21 18:25:58Z INFO Terminal] Read value: ''
[2026-05-21 18:25:58Z INFO PromptManager] Falling back to the default: 'N'
[2026-05-21 18:25:58Z INFO Listener] Runner execution has finished with return code 0
