[2026-05-21 18:26:04Z INFO HostContext] No proxy settings were found based on environmental variables (http_proxy/https_proxy/HTTP_PROXY/HTTPS_PROXY)
[2026-05-21 18:26:04Z INFO HostContext] Well known directory 'Bin': 'C:\Users\User1\OneDrive\Desktop\devops-exam-sandbox\actions-runner\bin'
[2026-05-21 18:26:04Z INFO HostContext] Well known directory 'Root': 'C:\Users\User1\OneDrive\Desktop\devops-exam-sandbox\actions-runner'
[2026-05-21 18:26:04Z INFO HostContext] Well known config file 'Credentials': 'C:\Users\User1\OneDrive\Desktop\devops-exam-sandbox\actions-runner\.credentials'
[2026-05-21 18:26:04Z INFO HostContext] Well known directory 'Bin': 'C:\Users\User1\OneDrive\Desktop\devops-exam-sandbox\actions-runner\bin'
[2026-05-21 18:26:04Z INFO HostContext] Well known directory 'Root': 'C:\Users\User1\OneDrive\Desktop\devops-exam-sandbox\actions-runner'
[2026-05-21 18:26:04Z INFO HostContext] Well known config file 'Runner': 'C:\Users\User1\OneDrive\Desktop\devops-exam-sandbox\actions-runner\.runner'
[2026-05-21 18:26:04Z INFO Listener] Runner is built for Windows (X64) - win-x64.
[2026-05-21 18:26:04Z INFO Listener] RuntimeInformation: Microsoft Windows 10.0.26200.
[2026-05-21 18:26:04Z INFO Listener] Version: 2.334.0
[2026-05-21 18:26:04Z INFO Listener] Commit: f1995ede5d885c997d13d8eca5467c4ce97fe69c
[2026-05-21 18:26:04Z INFO Listener] Culture: en-GB
[2026-05-21 18:26:04Z INFO Listener] UI Culture: en-GB
[2026-05-21 18:26:04Z INFO HostContext] Well known directory 'Bin': 'C:\Users\User1\OneDrive\Desktop\devops-exam-sandbox\actions-runner\bin'
[2026-05-21 18:26:04Z INFO HostContext] Well known directory 'Root': 'C:\Users\User1\OneDrive\Desktop\devops-exam-sandbox\actions-runner'
[2026-05-21 18:26:04Z INFO Listener] Validating directory permissions for: 'C:\Users\User1\OneDrive\Desktop\devops-exam-sandbox\actions-runner'
[2026-05-21 18:26:04Z INFO CommandLineParser] Parse
[2026-05-21 18:26:04Z INFO CommandLineParser] Parsing 1 args
[2026-05-21 18:26:04Z INFO CommandLineParser] parsing argument
[2026-05-21 18:26:04Z INFO CommandLineParser] HasArgs: False
[2026-05-21 18:26:04Z INFO CommandLineParser] Adding Command: run
[2026-05-21 18:26:04Z INFO Listener] Arguments parsed
[2026-05-21 18:26:04Z INFO Runner] ExecuteCommand
[2026-05-21 18:26:04Z INFO ConfigurationStore] currentAssemblyLocation: C:\Users\User1\OneDrive\Desktop\devops-exam-sandbox\actions-runner\bin\Runner.Listener.dll
[2026-05-21 18:26:04Z INFO HostContext] Well known directory 'Bin': 'C:\Users\User1\OneDrive\Desktop\devops-exam-sandbox\actions-runner\bin'
[2026-05-21 18:26:04Z INFO ConfigurationStore] binPath: C:\Users\User1\OneDrive\Desktop\devops-exam-sandbox\actions-runner\bin
[2026-05-21 18:26:04Z INFO HostContext] Well known directory 'Bin': 'C:\Users\User1\OneDrive\Desktop\devops-exam-sandbox\actions-runner\bin'
[2026-05-21 18:26:04Z INFO HostContext] Well known directory 'Root': 'C:\Users\User1\OneDrive\Desktop\devops-exam-sandbox\actions-runner'
[2026-05-21 18:26:04Z INFO ConfigurationStore] RootFolder: C:\Users\User1\OneDrive\Desktop\devops-exam-sandbox\actions-runner
[2026-05-21 18:26:04Z INFO HostContext] Well known directory 'Bin': 'C:\Users\User1\OneDrive\Desktop\devops-exam-sandbox\actions-runner\bin'
[2026-05-21 18:26:04Z INFO HostContext] Well known directory 'Root': 'C:\Users\User1\OneDrive\Desktop\devops-exam-sandbox\actions-runner'
[2026-05-21 18:26:04Z INFO HostContext] Well known config file 'Runner': 'C:\Users\User1\OneDrive\Desktop\devops-exam-sandbox\actions-runner\.runner'
[2026-05-21 18:26:04Z INFO ConfigurationStore] ConfigFilePath: C:\Users\User1\OneDrive\Desktop\devops-exam-sandbox\actions-runner\.runner
[2026-05-21 18:26:04Z INFO HostContext] Well known directory 'Bin': 'C:\Users\User1\OneDrive\Desktop\devops-exam-sandbox\actions-runner\bin'
[2026-05-21 18:26:04Z INFO HostContext] Well known directory 'Root': 'C:\Users\User1\OneDrive\Desktop\devops-exam-sandbox\actions-runner'
[2026-05-21 18:26:04Z INFO HostContext] Well known config file 'MigratedRunner': 'C:\Users\User1\OneDrive\Desktop\devops-exam-sandbox\actions-runner\.runner_migrated'
[2026-05-21 18:26:04Z INFO ConfigurationStore] MigratedConfigFilePath: C:\Users\User1\OneDrive\Desktop\devops-exam-sandbox\actions-runner\.runner_migrated
[2026-05-21 18:26:04Z INFO HostContext] Well known directory 'Bin': 'C:\Users\User1\OneDrive\Desktop\devops-exam-sandbox\actions-runner\bin'
[2026-05-21 18:26:04Z INFO HostContext] Well known directory 'Root': 'C:\Users\User1\OneDrive\Desktop\devops-exam-sandbox\actions-runner'
[2026-05-21 18:26:04Z INFO HostContext] Well known config file 'Credentials': 'C:\Users\User1\OneDrive\Desktop\devops-exam-sandbox\actions-runner\.credentials'
[2026-05-21 18:26:04Z INFO ConfigurationStore] CredFilePath: C:\Users\User1\OneDrive\Desktop\devops-exam-sandbox\actions-runner\.credentials
[2026-05-21 18:26:04Z INFO HostContext] Well known directory 'Bin': 'C:\Users\User1\OneDrive\Desktop\devops-exam-sandbox\actions-runner\bin'
[2026-05-21 18:26:04Z INFO HostContext] Well known directory 'Root': 'C:\Users\User1\OneDrive\Desktop\devops-exam-sandbox\actions-runner'
[2026-05-21 18:26:04Z INFO HostContext] Well known config file 'MigratedCredentials': 'C:\Users\User1\OneDrive\Desktop\devops-exam-sandbox\actions-runner\.credentials_migrated'
[2026-05-21 18:26:04Z INFO ConfigurationStore] MigratedCredFilePath: C:\Users\User1\OneDrive\Desktop\devops-exam-sandbox\actions-runner\.credentials_migrated
[2026-05-21 18:26:04Z INFO HostContext] Well known directory 'Bin': 'C:\Users\User1\OneDrive\Desktop\devops-exam-sandbox\actions-runner\bin'
[2026-05-21 18:26:04Z INFO HostContext] Well known directory 'Root': 'C:\Users\User1\OneDrive\Desktop\devops-exam-sandbox\actions-runner'
[2026-05-21 18:26:04Z INFO HostContext] Well known config file 'Service': 'C:\Users\User1\OneDrive\Desktop\devops-exam-sandbox\actions-runner\.service'
[2026-05-21 18:26:04Z INFO ConfigurationStore] ServiceConfigFilePath: C:\Users\User1\OneDrive\Desktop\devops-exam-sandbox\actions-runner\.service
[2026-05-21 18:26:04Z INFO CommandSettings] Flag 'help': 'False'
[2026-05-21 18:26:04Z INFO CommandSettings] Flag 'version': 'False'
[2026-05-21 18:26:04Z INFO CommandSettings] Flag 'commit': 'False'
[2026-05-21 18:26:04Z INFO CommandSettings] Flag 'check': 'False'
[2026-05-21 18:26:04Z INFO CommandSettings] Command 'configure': 'False'
[2026-05-21 18:26:04Z INFO CommandSettings] Command 'remove': 'False'
[2026-05-21 18:26:04Z INFO CommandSettings] Command 'warmup': 'False'
[2026-05-21 18:26:04Z INFO ConfigurationManager] LoadSettings
[2026-05-21 18:26:04Z INFO ConfigurationStore] IsConfigured()
[2026-05-21 18:26:04Z INFO ConfigurationStore] IsConfigured: True
[2026-05-21 18:26:04Z INFO ConfigurationManager] Is configured: True
[2026-05-21 18:26:04Z INFO ConfigurationStore] Read setting file: 410 chars
[2026-05-21 18:26:04Z INFO ConfigurationManager] Settings Loaded
[2026-05-21 18:26:04Z INFO ConfigurationStore] IsServiceConfigured()
[2026-05-21 18:26:04Z INFO ConfigurationStore] IsServiceConfigured: False
[2026-05-21 18:26:04Z INFO CommandSettings] Command 'run': 'True'
[2026-05-21 18:26:04Z INFO ConfigurationStore] IsConfigured()
[2026-05-21 18:26:04Z INFO ConfigurationStore] IsConfigured: True
[2026-05-21 18:26:04Z INFO ConfigurationManager] Is configured: True
[2026-05-21 18:26:04Z INFO Runner] Could not parse the argument value '' for StartupType. Defaulting to Manual
[2026-05-21 18:26:04Z INFO Runner] Set runner startup type - Manual
[2026-05-21 18:26:04Z INFO CommandSettings] Flag 'once': 'False'
[2026-05-21 18:26:04Z INFO CommandSettings] Flag 'once': 'False'
[2026-05-21 18:26:04Z INFO Runner] RunAsync
[2026-05-21 18:26:04Z INFO HostContext] Well known directory 'Bin': 'C:\Users\User1\OneDrive\Desktop\devops-exam-sandbox\actions-runner\bin'
[2026-05-21 18:26:04Z INFO HostContext] Well known directory 'Root': 'C:\Users\User1\OneDrive\Desktop\devops-exam-sandbox\actions-runner'
[2026-05-21 18:26:04Z INFO HostContext] Well known directory 'Work': 'C:\Users\User1\OneDrive\Desktop\devops-exam-sandbox\actions-runner\_work'
[2026-05-21 18:26:04Z INFO Runner] Validating directory permissions for: 'C:\Users\User1\OneDrive\Desktop\devops-exam-sandbox\actions-runner\_work'
[2026-05-21 18:26:04Z INFO ConfigurationManager] LoadMigratedSettings
[2026-05-21 18:26:04Z INFO ConfigurationStore] IsMigratedConfigured()
[2026-05-21 18:26:04Z INFO ConfigurationStore] IsMigratedConfigured: False
[2026-05-21 18:26:04Z INFO Runner] Failed to load migrated settings: No migrated configuration found.
[2026-05-21 18:26:04Z INFO Runner] Falling back to original .runner settings
[2026-05-21 18:26:04Z INFO Runner] Using BrokerMessageListener
[2026-05-21 18:26:04Z INFO BrokerMessageListener] Using provided settings
[2026-05-21 18:26:04Z INFO BrokerMessageListener] {
  "AgentId": 2,
  "AgentName": "LAKSHI",
  "PoolId": 1,
  "PoolName": "Default",
  "ServerUrl": "https://pipelinesghubeus21.actions.githubusercontent.com/vmULwf1nYy0PrUqPWuL7gwQDwjzfSp8SCz0aZgtPYF7cfoH11a/",
  "GitHubUrl": "https://github.com/sawannah0110-netizen/devops-exam-sandbox",
  "WorkFolder": "_work",
  "UseV2Flow": true,
  "ServerUrlV2": "https://broker.actions.githubusercontent.com/"
}
[2026-05-21 18:26:04Z INFO BrokerMessageListener] Loading Credentials
[2026-05-21 18:26:04Z INFO ConfigurationStore] HasCredentials()
[2026-05-21 18:26:04Z INFO ConfigurationStore] stored True
[2026-05-21 18:26:04Z INFO CredentialManager] GetCredentialProvider
[2026-05-21 18:26:04Z INFO CredentialManager] Creating type OAuth
[2026-05-21 18:26:04Z INFO CredentialManager] Creating credential type: OAuth
[2026-05-21 18:26:04Z INFO HostContext] Well known directory 'Bin': 'C:\Users\User1\OneDrive\Desktop\devops-exam-sandbox\actions-runner\bin'
[2026-05-21 18:26:04Z INFO HostContext] Well known directory 'Root': 'C:\Users\User1\OneDrive\Desktop\devops-exam-sandbox\actions-runner'
[2026-05-21 18:26:04Z INFO HostContext] Well known config file 'RSACredentials': 'C:\Users\User1\OneDrive\Desktop\devops-exam-sandbox\actions-runner\.credentials_rsaparams'
[2026-05-21 18:26:04Z INFO RSAEncryptedFileKeyManager] Loading RSA key parameters from file C:\Users\User1\OneDrive\Desktop\devops-exam-sandbox\actions-runner\.credentials_rsaparams
[2026-05-21 18:26:04Z INFO BrokerMessageListener] Attempt to create session.
[2026-05-21 18:26:04Z INFO BrokerMessageListener] Connecting to the Broker Server...
[2026-05-21 18:26:04Z INFO ConfigurationStore] HasCredentials()
[2026-05-21 18:26:04Z INFO ConfigurationStore] stored True
[2026-05-21 18:26:04Z INFO CredentialManager] GetCredentialProvider
[2026-05-21 18:26:04Z INFO CredentialManager] Creating type OAuth
[2026-05-21 18:26:04Z INFO CredentialManager] Creating credential type: OAuth
[2026-05-21 18:26:04Z INFO RSAEncryptedFileKeyManager] Loading RSA key parameters from file C:\Users\User1\OneDrive\Desktop\devops-exam-sandbox\actions-runner\.credentials_rsaparams
[2026-05-21 18:26:04Z INFO BrokerMessageListener] VssConnection created
[2026-05-21 18:26:04Z INFO BrokerMessageListener] Connecting to the Runner server...
[2026-05-21 18:26:04Z INFO RunnerServer] EstablishVssConnection
[2026-05-21 18:26:04Z INFO RunnerServer] Establish connection with 100 seconds timeout.
[2026-05-21 18:26:05Z INFO GitHubActionsService] Starting operation Location.GetConnectionData
[2026-05-21 18:26:05Z INFO RunnerServer] EstablishVssConnection
[2026-05-21 18:26:05Z INFO RunnerServer] Establish connection with 60 seconds timeout.
[2026-05-21 18:26:05Z INFO GitHubActionsService] Starting operation Location.GetConnectionData
[2026-05-21 18:26:05Z INFO RunnerServer] EstablishVssConnection
[2026-05-21 18:26:05Z INFO RunnerServer] Establish connection with 60 seconds timeout.
[2026-05-21 18:26:05Z INFO GitHubActionsService] Starting operation Location.GetConnectionData
[2026-05-21 18:26:06Z INFO GitHubActionsService] Finished operation Location.GetConnectionData
[2026-05-21 18:26:06Z INFO GitHubActionsService] Finished operation Location.GetConnectionData
[2026-05-21 18:26:06Z INFO GitHubActionsService] Finished operation Location.GetConnectionData
[2026-05-21 18:26:06Z INFO BrokerMessageListener] VssConnection created
[2026-05-21 18:26:06Z INFO Terminal] WRITE LINE: 
[2026-05-21 18:26:06Z INFO Terminal] WRITE LINE: 
[2026-05-21 18:26:06Z INFO RSAEncryptedFileKeyManager] Loading RSA key parameters from file C:\Users\User1\OneDrive\Desktop\devops-exam-sandbox\actions-runner\.credentials_rsaparams
[2026-05-21 18:26:06Z INFO RSAEncryptedFileKeyManager] Loading RSA key parameters from file C:\Users\User1\OneDrive\Desktop\devops-exam-sandbox\actions-runner\.credentials_rsaparams
[2026-05-21 18:26:07Z INFO GitHubActionsService] AAD Correlation ID for this token request: Unknown
[2026-05-21 18:26:08Z INFO BrokerMessageListener] Session created.
[2026-05-21 18:26:08Z INFO Terminal] WRITE LINE: Current runner version: '2.334.0'
[2026-05-21 18:26:08Z INFO Terminal] WRITE LINE: 2026-05-21 18:26:08Z: Listening for Jobs
[2026-05-21 18:26:08Z INFO JobDispatcher] Set runner/worker IPC timeout to 30 seconds.
